// Jest Snapshot v1, https://goo.gl/fbAQLP

exports[`smoke test does render 1`] = `
<DocumentFragment>
  <div
    class="items-center w-full select-none grid grid-row-3 css-u5ueop-ScheduleSummary"
  >
    <h3
      class="MuiTypography-root MuiTypography-h3 w-full rounded-full css-gepadz-MuiTypography-root"
    >
      <div />
    </h3>
    <h3
      class="MuiTypography-root MuiTypography-h3 pl-2 capitalize css-gepadz-MuiTypography-root"
    >
      name
    </h3>
    <p
      class="MuiTypography-root MuiTypography-body1 pr-2 text-right justify-self-end css-ahj2mt-MuiTypography-root"
    >
      sdljfdsjfdskfjs
    </p>
  </div>
</DocumentFragment>
`;
